### atencao-maxima rc=0
  _leituras = 2
  _recusas = 1
  alvos = 4
  band = 1
  banner = 1
  cartao_alvo_h = 48
  cartao_compacto = 1
  cartao_detalhe = 1
  cartao_diag = 1
  cartao_expandido_h = 107
  cartao_h = 76
  cartoes = 1
  compacto = 1
  detalhado = 1
  erros = 1
  escala = 1
  gatilho = clique
  home_h = 1016
  pend_h = 48
  pend_y = 581
  ponte = 0
  primeiro = overview.open-library
  primeiro_h = 48
  primeiro_visivel = 1
  primeiro_y = 401
  prosa_caracteres = 0
  prosa_caracteres_na_tela = 0
  prosa_caracteres_na_tela_expandida = 0
  prosa_itens = 0
  prosa_na_tela = 0
  prosa_na_tela_expandida = 0
  scroll_h = 493
  tick_clique = 24
  tick_leitura = 26
  ganho = 31 px (76 -> 107)
### atencao-maxima-150 rc=0
  _leituras = 2
  _recusas = 1
  alvos = 4
  band = 1
  banner = 1
  cartao_alvo_h = 48
  cartao_compacto = 1
  cartao_detalhe = 1
  cartao_diag = 1
  cartao_expandido_h = 143
  cartao_h = 76
  cartoes = 1
  compacto = 1
  detalhado = 1
  erros = 1
  escala = 1.5
  gatilho = clique
  home_h = 1050
  pend_h = 51
  pend_y = 597
  ponte = 0
  primeiro = overview.open-library
  primeiro_h = 51
  primeiro_visivel = 1
  primeiro_y = 417
  prosa_caracteres = 0
  prosa_caracteres_na_tela = 0
  prosa_caracteres_na_tela_expandida = 0
  prosa_itens = 0
  prosa_na_tela = 0
  prosa_na_tela_expandida = 0
  scroll_h = 493
  tick_clique = 24
  tick_leitura = 26
  ganho = 67 px (76 -> 143)
### leitura-sem-dados rc=0
  _leituras = 1
  _recusas = 1
  alvos = 4
  band = 1
  banner = 0
  cartao_alvo_h = 48
  cartao_compacto = 1
  cartao_detalhe = 1
  cartao_diag = 1
  cartao_expandido_h = 107
  cartao_h = 76
  cartoes = 1
  compacto = 1
  detalhado = 1
  erros = 1
  escala = 1
  gatilho = clique
  home_h = 1016
  pend_h = 48
  pend_y = 581
  ponte = 0
  primeiro = overview.open-library
  primeiro_h = 48
  primeiro_visivel = 1
  primeiro_y = 401
  prosa_caracteres = 0
  prosa_caracteres_na_tela = 0
  prosa_caracteres_na_tela_expandida = 0
  prosa_itens = 0
  prosa_na_tela = 0
  prosa_na_tela_expandida = 0
  scroll_h = 560
  tick_clique = 24
  tick_leitura = 26
  ganho = 31 px (76 -> 107)
### quieto rc=0
  _leituras = 2
  _recusas = 0
  alvos = 4
  band = 0
  banner = 0
  cartao_alvo_h = -1
  cartao_compacto = -1
  cartao_detalhe = 0
  cartao_diag = 0
  cartao_expandido_h = -1
  cartao_h = -1
  cartoes = 0
  compacto = 0
  detalhado = 0
  erros = 0
  escala = 1
  gatilho = ausente
  home_h = 1016
  pend_h = 48
  pend_y = 581
  ponte = 0
  primeiro = overview.open-library
  primeiro_h = 48
  primeiro_visivel = 1
  primeiro_y = 401
  prosa_caracteres = 0
  prosa_caracteres_na_tela = 0
  prosa_caracteres_na_tela_expandida = 0
  prosa_itens = 0
  prosa_na_tela = 0
  prosa_na_tela_expandida = 0
  scroll_h = 698
  tick_clique = 24
  tick_leitura = 26
  ganho = 0 px (-1 -> -1)
