........................................................................ [  1%]
........................................................................ [  2%]
........................................................................ [  3%]
........................................................................ [  4%]
........................................................................ [  6%]
........................................................................ [  7%]
........................................................................ [  8%]
........................................................................ [  9%]
........................................................................ [ 10%]
........................................................................ [ 12%]
.........ss.s..s.................sssss..s........sssssssssssssssss...... [ 13%]
..........sssssssssssssssss............................................. [ 14%]
........................................................................ [ 15%]
........................................................................ [ 16%]
..........................s............................................. [ 18%]
........................................................................ [ 19%]
........................................................................ [ 20%]
........................................................................ [ 21%]
........................................................................ [ 22%]
........................................................................ [ 24%]
........................................................................ [ 25%]
........................................................................ [ 26%]
........................................................................ [ 27%]
........................................................................ [ 28%]
........................................................................ [ 30%]
........................................................................ [ 31%]
........................................................................ [ 32%]
........................................................................ [ 33%]
........................................................................ [ 34%]
........................................................................ [ 36%]
........................................................................ [ 37%]
........................................................................ [ 38%]
........................................................................ [ 39%]
........................................................................ [ 40%]
........................................................................ [ 42%]
........................................................................ [ 43%]
........................................................................ [ 44%]
........................................................................ [ 45%]
........................................................................ [ 46%]
........................................................................ [ 48%]
........................................................................ [ 49%]
........................................................................ [ 50%]
........................................................................ [ 51%]
........................................................................ [ 52%]
........................................................................ [ 54%]
........................................................................ [ 55%]
........................................................................ [ 56%]
........................................................................ [ 57%]
........................................................................ [ 58%]
........................................................................ [ 60%]
........................................................................ [ 61%]
........................................................................ [ 62%]
....................................ss.................................. [ 63%]
........................................................................ [ 64%]
........................................................................ [ 66%]
........................................................................ [ 67%]
....F................................................................... [ 68%]
........................................................................ [ 69%]
........................................................................ [ 70%]
........................................................................ [ 72%]
........................................................................ [ 73%]
........................................................................ [ 74%]
........................................................................ [ 75%]
........................................................................ [ 76%]
........................................................................ [ 78%]
........................................................................ [ 79%]
........................................................................ [ 80%]
........................................................................ [ 81%]
........................................................................ [ 82%]
........................................................................ [ 84%]
........................................................................ [ 85%]
........................................................................ [ 86%]
........................................................................ [ 87%]
........................................................................ [ 88%]
........................................................................ [ 90%]
........................................................................ [ 91%]
........................................................................ [ 92%]
........................................................................ [ 93%]
........................................................................ [ 95%]
........................................................................ [ 96%]
........................................................................ [ 97%]
........................................................................ [ 98%]
........................................................................ [ 99%]
...........                                                              [100%]
=================================== FAILURES ===================================
__________ test_committed_catalog_and_generated_views_are_consistent ___________

    def test_committed_catalog_and_generated_views_are_consistent() -> None:
>       assert project_status.check_catalog() == []
E       AssertionError: assert ['SZ-AURA-LAU...0e6733a', ...] == []
E         
E         Left contains 15 more items, first extra item: 'SZ-AURA-LAUNCHER: evidencia obsoleta; scopeDigest esperado f51086f5b0fe2f643162ac7e97a17134b98f4d0a58312f9319bb867926acc38d, atual b7fa26b999e19086d0c85e8630253dcaecb6d588b1ff0603f8f4d79db886b4c6'
E         Use -v to get more diff

tests/unit/test_project_status.py:15: AssertionError
=========================== short test summary info ============================
SKIPPED [10] tests/integration/test_emulator_conformance.py:429: Flatpak fixa commit; o checksum é garantia do executor portátil
SKIPPED [17] tests/integration/test_emulator_conformance.py:449: core não lança sozinho; quem lança é o RetroArch
SKIPPED [1] tests/integration/test_emulator_conformance.py:463: libretro-bluemsx nao declara capability `configure`
SKIPPED [1] tests/integration/test_emulator_conformance.py:463: libretro-fbneo nao declara capability `configure`
SKIPPED [1] tests/integration/test_emulator_conformance.py:463: libretro-freeintv nao declara capability `configure`
SKIPPED [1] tests/integration/test_emulator_conformance.py:463: libretro-fuse nao declara capability `configure`
SKIPPED [1] tests/integration/test_emulator_conformance.py:463: libretro-genesis-plus-gx nao declara capability `configure`
SKIPPED [1] tests/integration/test_emulator_conformance.py:463: libretro-mednafen-ngp nao declara capability `configure`
SKIPPED [1] tests/integration/test_emulator_conformance.py:463: libretro-mednafen-pce nao declara capability `configure`
SKIPPED [1] tests/integration/test_emulator_conformance.py:463: libretro-mednafen-vb nao declara capability `configure`
SKIPPED [1] tests/integration/test_emulator_conformance.py:463: libretro-mednafen-wswan nao declara capability `configure`
SKIPPED [1] tests/integration/test_emulator_conformance.py:463: libretro-mesen nao declara capability `configure`
SKIPPED [1] tests/integration/test_emulator_conformance.py:463: libretro-mgba nao declara capability `configure`
SKIPPED [1] tests/integration/test_emulator_conformance.py:463: libretro-mupen64plus-next nao declara capability `configure`
SKIPPED [1] tests/integration/test_emulator_conformance.py:463: libretro-opera nao declara capability `configure`
SKIPPED [1] tests/integration/test_emulator_conformance.py:463: libretro-puae nao declara capability `configure`
SKIPPED [1] tests/integration/test_emulator_conformance.py:463: libretro-snes9x nao declara capability `configure`
SKIPPED [1] tests/integration/test_emulator_conformance.py:463: libretro-stella nao declara capability `configure`
SKIPPED [1] tests/integration/test_emulator_conformance.py:463: libretro-vice-x64 nao declara capability `configure`
SKIPPED [1] tests/integration/test_metadata_to_catalog_pipeline.py:173: reference/ não versionado; checkout sem pesquisa
SKIPPED [1] tests/unit/test_metadata_import_pegasus.py:187: reference/ não versionado; checkout sem pesquisa
SKIPPED [1] tests/unit/test_metadata_import_pegasus.py:199: reference/ não versionado; checkout sem pesquisa
FAILED tests/unit/test_project_status.py::test_committed_catalog_and_generated_views_are_consistent
1 failed, 5939 passed, 47 skipped in 2438.44s (0:40:38)
real-state before: exists=True files=12368 directories=2014 bytes=1318846471 max_mtime_ns=1789171093389853625 source=HOME-default
real-state after:  exists=True files=12368 directories=2014 bytes=1318846471 max_mtime_ns=1789171093389853625 source=HOME-default
exit=1
