........................................................................ [  1%]
........................................................................ [  2%]
........................................................................ [  3%]
........................................................................ [  4%]
........................................................................ [  5%]
........................................................................ [  7%]
........................................................................ [  8%]
........................................................................ [  9%]
........................................................................ [ 10%]
........................................................................ [ 11%]
............ss.s..s.................sssss..s........sssssssssssssssss... [ 13%]
.............sssssssssssssssss.......................................... [ 14%]
........................................................................ [ 15%]
........................................................................ [ 16%]
............................................s........................... [ 17%]
........................................................................ [ 19%]
........................................................................ [ 20%]
........................................................................ [ 21%]
........................................................................ [ 22%]
........................................................................ [ 23%]
........................................................................ [ 25%]
........................................................................ [ 26%]
........................................................................ [ 27%]
........................................................................ [ 28%]
........................................................................ [ 29%]
........................................................................ [ 31%]
........................................................................ [ 32%]
........................................................................ [ 33%]
........................................................................ [ 34%]
........................................................................ [ 35%]
........................................................................ [ 37%]
........................................................................ [ 38%]
........................................................................ [ 39%]
........................................................................ [ 40%]
........................................................................ [ 41%]
........................................................................ [ 43%]
........................................................................ [ 44%]
........................................................................ [ 45%]
........................................................................ [ 46%]
........................................................................ [ 47%]
........................................................................ [ 49%]
........................................................................ [ 50%]
........................................................................ [ 51%]
........................................................................ [ 52%]
........................................................................ [ 53%]
........................................................................ [ 55%]
........................................................................ [ 56%]
........................................................................ [ 57%]
........................................................................ [ 58%]
........................................................................ [ 59%]
........................................................................ [ 61%]
........................................................................ [ 62%]
......................................................ss................ [ 63%]
........................................................................ [ 64%]
........................................................................ [ 65%]
........................................................................ [ 67%]
......................F................................................. [ 68%]
........................................................................ [ 69%]
........................................................................ [ 70%]
........................................................................ [ 71%]
........................................................................ [ 73%]
........................................................................ [ 74%]
........................................................................ [ 75%]
........................................................................ [ 76%]
........................................................................ [ 77%]
........................................................................ [ 79%]
........................................................................ [ 80%]
........................................................................ [ 81%]
........................................................................ [ 82%]
........................................................................ [ 83%]
........................................................................ [ 85%]
........................................................................ [ 86%]
........................................................................ [ 87%]
........................................................................ [ 88%]
........................................................................ [ 89%]
........................................................................ [ 91%]
........................................................................ [ 92%]
........................................................................ [ 93%]
........................................................................ [ 94%]
........................................................................ [ 95%]
........................................................................ [ 97%]
........................................................................ [ 98%]
........................................................................ [ 99%]
.............................                                            [100%]ipc connect failed: [Errno 2] No such file or directory

=================================== FAILURES ===================================
__________ test_committed_catalog_and_generated_views_are_consistent ___________

    def test_committed_catalog_and_generated_views_are_consistent() -> None:
>       assert project_status.check_catalog() == []
E       AssertionError: assert ['SZ-AURA-LAU...nder --write'] == []
E         
E         Left contains 2 more items, first extra item: 'SZ-AURA-LAUNCHER: evidencia obsoleta; scopeDigest esperado b02b97cd213071e4a6d7191431e2d35a19d55ed8dc84aa09b4a3cf02e868998f, atual 2a156266af8eb10f05862df7f11f9b884f56f17517b9d9fd95da94b123b5ee11'
E         Use -v to get more diff

tests/unit/test_project_status.py:15: AssertionError
=========================== short test summary info ============================
SKIPPED [10] tests/integration/test_emulator_conformance.py:429: Flatpak fixa commit; o checksum é garantia do executor portátil
SKIPPED [17] tests/integration/test_emulator_conformance.py:449: core não lança sozinho; quem lança é o RetroArch
SKIPPED [1] tests/integration/test_emulator_conformance.py:463: libretro-bluemsx nao declara capability `configure`
SKIPPED [1] tests/integration/test_emulator_conformance.py:463: libretro-fbneo nao declara capability `configure`
SKIPPED [1] tests/integration/test_emulator_conformance.py:463: libretro-freeintv nao declara capability `configure`
SKIPPED [1] tests/integration/test_emulator_conformance.py:463: libretro-fuse nao declara capability `configure`
SKIPPED [1] tests/integration/test_emulator_conformance.py:463: libretro-genesis-plus-gx nao declara capability `configure`
SKIPPED [1] tests/integration/test_emulator_conformance.py:463: libretro-mednafen-ngp nao declara capability `configure`
SKIPPED [1] tests/integration/test_emulator_conformance.py:463: libretro-mednafen-pce nao declara capability `configure`
SKIPPED [1] tests/integration/test_emulator_conformance.py:463: libretro-mednafen-vb nao declara capability `configure`
SKIPPED [1] tests/integration/test_emulator_conformance.py:463: libretro-mednafen-wswan nao declara capability `configure`
SKIPPED [1] tests/integration/test_emulator_conformance.py:463: libretro-mesen nao declara capability `configure`
SKIPPED [1] tests/integration/test_emulator_conformance.py:463: libretro-mgba nao declara capability `configure`
SKIPPED [1] tests/integration/test_emulator_conformance.py:463: libretro-mupen64plus-next nao declara capability `configure`
SKIPPED [1] tests/integration/test_emulator_conformance.py:463: libretro-opera nao declara capability `configure`
SKIPPED [1] tests/integration/test_emulator_conformance.py:463: libretro-puae nao declara capability `configure`
SKIPPED [1] tests/integration/test_emulator_conformance.py:463: libretro-snes9x nao declara capability `configure`
SKIPPED [1] tests/integration/test_emulator_conformance.py:463: libretro-stella nao declara capability `configure`
SKIPPED [1] tests/integration/test_emulator_conformance.py:463: libretro-vice-x64 nao declara capability `configure`
SKIPPED [1] tests/integration/test_metadata_to_catalog_pipeline.py:173: reference/ não versionado; checkout sem pesquisa
SKIPPED [1] tests/unit/test_metadata_import_pegasus.py:187: reference/ não versionado; checkout sem pesquisa
SKIPPED [1] tests/unit/test_metadata_import_pegasus.py:199: reference/ não versionado; checkout sem pesquisa
FAILED tests/unit/test_project_status.py::test_committed_catalog_and_generated_views_are_consistent
1 failed, 5957 passed, 47 skipped in 2112.40s (0:35:12)
real-state before: exists=True files=12368 directories=2014 bytes=1318862637 max_mtime_ns=1789190787574170190 source=HOME-default
real-state after:  exists=True files=12368 directories=2014 bytes=1318862637 max_mtime_ns=1789190787574170190 source=HOME-default
