SUÍTE INTEGRAL — .venv/bin/python tools/run_tests_isolated.py tests -q
EXECUCAO 2: a execucao 1 foi interrompida aos 22 % porque esta frente encontrou, depois do congelamento, um quinto formatador divergente (SteamGameplay.qml:1320 + adapters/steam_gameplay.py:965). A arvore nao mudou entre as duas: mesmo HEAD, mesma lista de arquivos, guard reconfirmada antes de reiniciar.
INICIO 2026-09-28T22:23:06-03:00
........................................................................ [  1%]
........................................................................ [  2%]
........................................................................ [  3%]
........................................................................ [  4%]
........................................................................ [  5%]
........................................................................ [  6%]
........................................................................ [  7%]
........................................................................ [  8%]
........................................................................ [  9%]
........................................................................ [ 11%]
.........................................ss.s..s.................sssss.. [ 12%]
..s........sssssssssssssssss..................sssssssssssssssss......... [ 13%]
........................................................................ [ 14%]
........................................................................ [ 15%]
........................................................................ [ 16%]
............................s........................................... [ 17%]
........................................................................ [ 18%]
........................................................................ [ 19%]
........................................................................ [ 20%]
........................................................................ [ 22%]
........................................................................ [ 23%]
........................................................................ [ 24%]
........................................................................ [ 25%]
........................................................................ [ 26%]
...................................................EEEEEE