STATUS-CHECK: FALHOU
- SZ-AURA-CINEMA-COMPLETION: evidencia obsoleta; scopeDigest esperado 75095b1ddd0743573c40500085e8c63ba8ff683aec194d54e07f394f6860212f, atual 58d512beb73470c79bfa702a5fe48f924ba9c9aaee4d140cf50f0bb6f705b496
- SZ-AURA-ESDE-ACTIVE-SURFACE: evidencia obsoleta; scopeDigest esperado 52c1d30d12d9f46d84a2b14598f07a027df25bbc5e9f486900680b9e9c26de39, atual e58c494e933c468e8998ed128c839805355a342471fa731c71b07c86f8322455
- SZ-AURA-ESDE-RUNTIME-BRIDGE: evidencia obsoleta; scopeDigest esperado a9b731cf7fd2dcb81ac37d9046f5994ec0c84fc63113d6abe934de6c1fd467f0, atual 768740a029f2086869c58c66873501a9327b6511488a665a860ca17d062728c0
- SZ-AURA-LAUNCHER: evidencia obsoleta; scopeDigest esperado c6b60aff347f2f83ca52b22bf14ccca80027ee459b7659d7c9ac39849e3a5854, atual 728c5d702e19ea421765b5a1cd6ea8c4540272e036810bfeef69f9d35b2b27b5
- SZ-AURA-SAVE-STATE-GALLERY: evidencia obsoleta; scopeDigest esperado a168125a601d7d7edc38918c30d791a826d20ec2cea3e6c1c85a54a76b9715c0, atual 3336db0557807ff4819204c2d4bb8646b27bbc4e16f1efedc71d1e28dce90480
- SZ-AURA-SESSION-OSD: evidencia obsoleta; scopeDigest esperado ebba424fe8e375e1e2330ef153addbf365d1ef41a1c3f9aefce3f53c5cd757ab, atual 505352bbbfcdf0da56ebc21747efc325d418420f97a650bd3c641ffbd50bb47f
- SZ-AURA-UI: evidencia obsoleta; scopeDigest esperado 2c1bf7d5bb7f93879d4c0e25b4600aa60ce43c4a250f0c948df52de80044b9cf, atual bc954919de946839316d0580adbafa8447ccf4042e048182264ba056652c4cb4
- SZ-EMULATION-LONG-OPERATIONS: evidencia obsoleta; scopeDigest esperado c48312e9e3fa715f4db07093e40ef921aa0f2c277b067752282afd0479276f5b, atual 19783aa744796b7c0356663f9720805ca551e4563b416ce51ac318ce48e1ac76
- SZ-EMULATION-PLATFORM-CONTEXT: evidencia obsoleta; scopeDigest esperado d25588cb63b3842ee5d437d9a23c1c7901b6df93718485147064307f8c9cca14, atual 9728a20a766647c30901a6897838be35ea21eac76814db45d333229de03bdd4b
- SZ-EMULATION-PLATFORM-SCOPE: evidencia obsoleta; scopeDigest esperado a2b084dee47c235cc1ed5ed121a3ee8f64f4edd80cccef8bcf80ecbc12802c2f, atual a6b726126abd563c2994095b03f43376775851eae1471163fdac14cb72a13ca8
- SZ-EMULATION-RUNTIME-REMEDIATION: evidencia obsoleta; scopeDigest esperado 5d1b8e1d1fdaa160b38e75bc387e81ba508bcd03f94f2e209d4264a12f435104, atual 354c23c601003fbd82bb80e89304065a2187d917d67b6234a08f1a8427028ead
- SZ-EMULATION-STORAGE-MANAGEMENT: evidencia obsoleta; scopeDigest esperado a146bbc05f044473fbfce14ecbe0a69e4afbb31c0624e3c2c2171fcf907455b1, atual 30328d02e24bdf72205d21d449b9ffbe9160cbd0196bee93f98932fa150527a5
- SZ-EMULATION-STORAGE-PLATFORM-SCOPE: evidencia obsoleta; scopeDigest esperado fd2640d70a2552b969f92a3267e5580183a0bc033e2c1c8d77fa3facd3c84b98, atual ff7fdf04020f7afb78dfde3c6574ce4db0bb6750d28608650939fb7f46732610
- SZ-EMULATION-STORAGE-READMODEL: evidencia obsoleta; scopeDigest esperado 1fd0dba42c3e2cbcefb790e507a98be36febde252bfd227b6f30add4a0012625, atual 7ebb0fca1db491ef8ad807a91f620a61d2874492dcf31d62b44298a71b1edf66
- SZ-EMULATION-ENHANCEMENTS: evidencia obsoleta; scopeDigest esperado 6898b1a0ab8d068d9299c660863b72854b41fdbd3fc04f5d27ad7bb0f76ae928, atual 6c9dd292b6de73da230d44f441d3b88b83ba95b25776a4d365c56a311b654aae
- SZ-GAMEMODE-READINESS: evidencia obsoleta; scopeDigest esperado 3b53cabfc79812a02595d5758dd06d0e06ff6bbafc3cc8b6b22fe480abe1b470, atual 1fcb64af1f5c851266cae0d8e6031f01a19506b27d05a5c5af6b99c78124f86d
- SZ-EMULATION-HIGH-END-RUNTIME-READINESS: evidencia obsoleta; scopeDigest esperado 346fa0d0f0b30791c5791ddeb22d7734705e6525466faa0013f3fc640b367a4b, atual d9c750d697ec07a48a46572d6b2c0bc91bdcac75c67b68eb8b2254e1b749c88f
- SZ-LIBRARY-CANONICAL: evidencia obsoleta; scopeDigest esperado a36209ff91d0b2c59053c8df6aab218f8f865dbe21936a2e123542b1a8db24cd, atual 951f618a66eff664a019d770ddc38db642df97aebc9adbac74f42c9b2b01ec17
- SZ-MAIN-WORKTREE-RECONCILIATION: evidencia obsoleta; scopeDigest esperado 571358b217b4f99517f8deea92aed4c637f635414fe811aeb01d840c6ae17a8c, atual 961945dbaa60050356efeade5b88d993d3bb77871ca614968e0b3f504ba594d5
- SZ-MEDIA-AUDIT-PLATFORM-SCOPE: evidencia obsoleta; scopeDigest esperado 08c04981798a8066e9363a6d2e9359e18cf66a8d2a9da83b95ec74ed6c692490, atual 2c489cebcaa96c8f5be778e1b50fea65669205e44aae9e1f27b188848b22a812
- SZ-MEDIA-PIPELINE-PLATFORM-SCOPE: evidencia obsoleta; scopeDigest esperado 6282f7946f86e1940e6d6b1d34a6aaf17eba93d1f148ebfddeec401158029421, atual 0b50ef65053021ba51dc6dad8e45896f3477c23694664bf105d9ae1228ca720d
- SZ-MEDIA-PROVIDER-PLATFORM-FILTER: evidencia obsoleta; scopeDigest esperado 1e76f81ba3877dfdd29e8a222e366312bdd6a3af61eaf7cd981b05192b5aae13, atual ef31a51237873e6f8d3ebb3b6b5e0bcbba57ada7c0714b369c461bb5c7a5078b
- SZ-MULTIDISC-MATERIALIZATION-INGESTION: evidencia obsoleta; scopeDigest esperado 2856ce052b58588a82ad28e755921a88e521aae90e3273d43936d8ed330f7531, atual 63f0cc07bbf285d90419cfe5d3c88208952656191ca033b0ed2894aed6dc850b
- SZ-PLATFORM-CORE-PER-SYSTEM: evidencia obsoleta; scopeDigest esperado 2863d2d9a48ee50e26d0bdb95cb70a1fe7b9799bb810bf55feeb40753ca63c00, atual 3321530983c4f62e8d9b6c6e45480d1bdb050221e9cf0f7e08cd78f835c8bf5c
- SZ-PLATFORM-REQUIREMENT-SCOPE: evidencia obsoleta; scopeDigest esperado 1512ea7d8fead9f2dc3e5cc2bf09ac5c784e6c256960648f2f6b0df0eb89a1a0, atual 59190aebaec8aef2efcde2d19968f41565b7c64e5400513556d58eade34d3809
- SZ-PS3-OFFICIAL-FIRMWARE-DOWNLOAD: evidencia obsoleta; scopeDigest esperado d6f41878a1ec27a2ee49c691cbc58d4eb753cc9283e3ce2c31406493f0c355bb, atual bcb7122e846dee5479ee3e8f4dd9a837b56dabe3e575eba3ac7b2e09934f1acd
- SZ-SYSTEM-DIAGNOSTICS-GUIDANCE: evidencia obsoleta; scopeDigest esperado a3736450dd3a0592097dfe328f28c64aebea95277c8f77f70a8431d3fec26172, atual e4c38446a795b7021436abfcecb2f64cf7b29a6eb597394bd238d9dc0755f9e7
- SZ-THEME-ENGINE: evidencia obsoleta; scopeDigest esperado a125e53a1c67d694569c1b624a2b54de929b240a2b79ba1f692527bf2bcc3943, atual 6f4af80bd1a847b7aed59fbc182a17ed1ab54f4f65e6ad7b483dab070bc8b979
- SZ-THEME-ESDE-SCENE-RENDER: evidencia obsoleta; scopeDigest esperado ee4a9433e7bd3bbf78152cf181c0ba64f1a8350f1387a6cee5e3741be92e66f5, atual 13a20b249c746612e52d7fa982d9269e14ff878cbcc7ef6bffb6de912c445c70
- SZ-THEME-IMPORT-ESDE-LAYOUT: evidencia obsoleta; scopeDigest esperado b3f432985bf06003c1a582f73ccc38142c94258fb19afcdf73d4b3ebeedfb0d7, atual 0ecdbb089c24a54899a8e28fe09561a523e51179280f9cfb2c3ccd28450398f4
- SZ-THEME-IMPORT-RETROFE: evidencia obsoleta; scopeDigest esperado 7fad844f6fa30f43f580eb2227873d8fe35fa660bb9fd255b7c601aac4059de2, atual 7bf8c109a85badec82b6bab8a4faa3d41de6e9903df3ecb4f5c8c70be428e143
- SZ-THEME-IMPORT-SURFACE: evidencia obsoleta; scopeDigest esperado 337fb03df58094c8053a464de14c61b9736bfe8d9ae50d21a639aa4bdb9ce581, atual 1a06db80a4e7f06a49e9d2802b55e4433c3d3caa0b5f5b7003981a2774406db2
- SZ-UI-DESKTOP-AUDIT: evidencia obsoleta; scopeDigest esperado 54921eb86799c2eae906e7e2dba89b2981e31c46de4736d3cccb68ac53299643, atual 89bf74a517da42582529c4e2a26983e3c783f00680bf0e8547a78a9c9023389e
- arquivo alterado sem item de status responsavel: docs/06-api/JSON-SCHEMAS.md
- docs/ACTIVE-WORK.md esta desatualizado; execute tools/project_status.py render --write
- docs/status/COVERAGE.md esta desatualizado; execute tools/project_status.py render --write
