================================================ ANOTACAO DE QUEM EXECUTOU ================
Este arquivo e a copia byte-exata do log da suite integral do checkpoint 10.
Sha256 do conteudo original (da linha "SUITE INTEGRAL" ate o fim) ao ser copiado:
9cdaf96d13296a651d238172e0d9c2ae22b7324a1269f1900947c4af74103687

Correcao obrigatoria sobre a ultima linha deste log: `CODIGO_DE_SAIDA 0` NAO e o
codigo da suite. O envoltorio executou `echo "FIM ..."` entre o pytest e o `echo`
que imprime `$?`, de modo que a variável mediu o echo anterior, nao o pytest. O
veredito real esta na propria linha do pytest: `1 failed, 6483 passed, 47 skipped
in 2071.39s (0:34:31)`, ou seja, saida nao-zero. Nada nesta frente foi declarado
verde a partir desse zero. A falha unica e o gate de catalogo; a causa medida esta
em 10-checkpoint-10-suite-integral-e-causa.md.
=================================================================================================

SUÍTE INTEGRAL — .venv/bin/python tools/run_tests_isolated.py tests -q
INICIO 2026-09-28T15:29:43-03:00
........................................................................ [  1%]
........................................................................ [  2%]
........................................................................ [  3%]
........................................................................ [  4%]
........................................................................ [  5%]
........................................................................ [  6%]
........................................................................ [  7%]
........................................................................ [  8%]
........................................................................ [  9%]
........................................................................ [ 11%]
.........................................ss.s..s.................sssss.. [ 12%]
..s........sssssssssssssssss..................sssssssssssssssss......... [ 13%]
........................................................................ [ 14%]
........................................................................ [ 15%]
........................................................................ [ 16%]
............................s........................................... [ 17%]
........................................................................ [ 18%]
........................................................................ [ 19%]
........................................................................ [ 20%]
........................................................................ [ 22%]
........................................................................ [ 23%]
........................................................................ [ 24%]
........................................................................ [ 25%]
........................................................................ [ 26%]
........................................................................ [ 27%]
........................................................................ [ 28%]
........................................................................ [ 29%]
........................................................................ [ 30%]
........................................................................ [ 31%]
........................................................................ [ 33%]
........................................................................ [ 34%]
........................................................................ [ 35%]
........................................................................ [ 36%]
........................................................................ [ 37%]
........................................................................ [ 38%]
........................................................................ [ 39%]
........................................................................ [ 40%]
........................................................................ [ 41%]
........................................................................ [ 42%]
........................................................................ [ 44%]
........................................................................ [ 45%]
........................................................................ [ 46%]
........................................................................ [ 47%]
........................................................................ [ 48%]
........................................................................ [ 49%]
........................................................................ [ 50%]
........................................................................ [ 51%]
........................................................................ [ 52%]
........................................................................ [ 54%]
........................................................................ [ 55%]
........................................................................ [ 56%]
........................................................................ [ 57%]
........................................................................ [ 58%]
........................................................................ [ 59%]
........................................................................ [ 60%]
...............................................ss....................... [ 61%]
........................................................................ [ 62%]
........................................................................ [ 63%]
........................................................................ [ 65%]
......................................................................F. [ 66%]
........................................................................ [ 67%]
........................................................................ [ 68%]
........................................................................ [ 69%]
........................................................................ [ 70%]
........................................................................ [ 71%]
........................................................................ [ 72%]
........................................................................ [ 73%]
........................................................................ [ 74%]
........................................................................ [ 76%]
........................................................................ [ 77%]
........................................................................ [ 78%]
........................................................................ [ 79%]
........................................................................ [ 80%]
........................................................................ [ 81%]
........................................................................ [ 82%]
........................................................................ [ 83%]
........................................................................ [ 84%]
........................................................................ [ 85%]
........................................................................ [ 87%]
........................................................................ [ 88%]
........................................................................ [ 89%]
........................................................................ [ 90%]
........................................................................ [ 91%]
........................................................................ [ 92%]
........................................................................ [ 93%]
........................................................................ [ 94%]
........................................................................ [ 95%]
........................................................................ [ 97%]
........................................................................ [ 98%]
........................................................................ [ 99%]
...................................................                      [100%]
=================================== FAILURES ===================================
__________ test_committed_catalog_and_generated_views_are_consistent ___________

    def test_committed_catalog_and_generated_views_are_consistent() -> None:
>       assert project_status.check_catalog() == []
E       AssertionError: assert ['SZ-AURA-CIN...50bb47f', ...] == []
E         
E         Left contains 36 more items, first extra item: 'SZ-AURA-CINEMA-COMPLETION: evidencia obsoleta; scopeDigest esperado 75095b1ddd0743573c40500085e8c63ba8ff683aec194d54e07f394f6860212f, atual 58d512beb73470c79bfa702a5fe48f924ba9c9aaee4d140cf50f0bb6f705b496'
E         Use -v to get more diff

tests/unit/test_project_status.py:15: AssertionError
=========================== short test summary info ============================
SKIPPED [10] tests/integration/test_emulator_conformance.py:487: Flatpak fixa commit; o checksum é garantia do executor portátil
SKIPPED [17] tests/integration/test_emulator_conformance.py:507: core não lança sozinho; quem lança é o RetroArch
SKIPPED [1] tests/integration/test_emulator_conformance.py:521: libretro-bluemsx nao declara capability `configure`
SKIPPED [1] tests/integration/test_emulator_conformance.py:521: libretro-fbneo nao declara capability `configure`
SKIPPED [1] tests/integration/test_emulator_conformance.py:521: libretro-freeintv nao declara capability `configure`
SKIPPED [1] tests/integration/test_emulator_conformance.py:521: libretro-fuse nao declara capability `configure`
SKIPPED [1] tests/integration/test_emulator_conformance.py:521: libretro-genesis-plus-gx nao declara capability `configure`
SKIPPED [1] tests/integration/test_emulator_conformance.py:521: libretro-mednafen-ngp nao declara capability `configure`
SKIPPED [1] tests/integration/test_emulator_conformance.py:521: libretro-mednafen-pce nao declara capability `configure`
SKIPPED [1] tests/integration/test_emulator_conformance.py:521: libretro-mednafen-vb nao declara capability `configure`
SKIPPED [1] tests/integration/test_emulator_conformance.py:521: libretro-mednafen-wswan nao declara capability `configure`
SKIPPED [1] tests/integration/test_emulator_conformance.py:521: libretro-mesen nao declara capability `configure`
SKIPPED [1] tests/integration/test_emulator_conformance.py:521: libretro-mgba nao declara capability `configure`
SKIPPED [1] tests/integration/test_emulator_conformance.py:521: libretro-mupen64plus-next nao declara capability `configure`
SKIPPED [1] tests/integration/test_emulator_conformance.py:521: libretro-opera nao declara capability `configure`
SKIPPED [1] tests/integration/test_emulator_conformance.py:521: libretro-puae nao declara capability `configure`
SKIPPED [1] tests/integration/test_emulator_conformance.py:521: libretro-snes9x nao declara capability `configure`
SKIPPED [1] tests/integration/test_emulator_conformance.py:521: libretro-stella nao declara capability `configure`
SKIPPED [1] tests/integration/test_emulator_conformance.py:521: libretro-vice-x64 nao declara capability `configure`
SKIPPED [1] ../../../../../../mnt/sdcard/Projects/Port_Steam/tests/integration/test_metadata_to_catalog_pipeline.py:173: reference/ não versionado; checkout sem pesquisa
SKIPPED [1] ../../../../../../mnt/sdcard/Projects/Port_Steam/tests/unit/test_metadata_import_pegasus.py:187: reference/ não versionado; checkout sem pesquisa
SKIPPED [1] ../../../../../../mnt/sdcard/Projects/Port_Steam/tests/unit/test_metadata_import_pegasus.py:199: reference/ não versionado; checkout sem pesquisa
FAILED tests/unit/test_project_status.py::test_committed_catalog_and_generated_views_are_consistent
1 failed, 6483 passed, 47 skipped in 2071.39s (0:34:31)
real-state before: exists=True files=12816 directories=2068 bytes=1372712391 max_mtime_ns=1790607044829769561 source=HOME-default
real-state after:  exists=True files=12816 directories=2068 bytes=1372712391 max_mtime_ns=1790607044829769561 source=HOME-default
FIM 2026-09-28T16:04:20-03:00
CODIGO_DE_SAIDA 0
