workstreams ACTIVEs lidos: 10
 - WS-2026-09-AURA-LAUNCHER-EXIT
 - WS-2026-09-EMULATION-REAL-DUMP-VALIDATION
 - WS-2026-09-EMULATION-RUNTIME-REMEDIATION
 - WS-2026-09-HIGH-END-RUNTIME-READINESS
 - WS-2026-09-LIBRARY-GOVERNED-MANAGEMENT
 - WS-2026-09-MULTIDISC-MATERIALIZATION-INGESTION
 - WS-2026-09-RC01-CENTRAL-LOADING
 - WS-2026-09-RC01-READINESS-FOCUS
 - WS-2026-09-RC01-READINESS-SEMANTICS
 - WS-2026-09-RC01-SHELL-ESDE-DIALOG

src/steamzero/ui/qml/Main.qml
  exclusivo: ['WS-2026-09-LIBRARY-GOVERNED-MANAGEMENT']
  compartilhado: ['WS-2026-09-RC01-CENTRAL-LOADING', 'WS-2026-09-RC01-READINESS-FOCUS', 'WS-2026-09-RC01-READINESS-SEMANTICS', 'WS-2026-09-RC01-SHELL-ESDE-DIALOG']
src/steamzero/adapters/emulation.py
  exclusivo: ['WS-2026-09-LIBRARY-GOVERNED-MANAGEMENT']
  compartilhado: ['WS-2026-09-EMULATION-REAL-DUMP-VALIDATION', 'WS-2026-09-EMULATION-RUNTIME-REMEDIATION', 'WS-2026-09-HIGH-END-RUNTIME-READINESS', 'WS-2026-09-MULTIDISC-MATERIALIZATION-INGESTION', 'WS-2026-09-RC01-READINESS-SEMANTICS']
src/steamzero/ui/qml/ThemeCatalogPanel.qml
  exclusivo: []
  compartilhado: []
src/steamzero/ui/qml/ThemeEditorPanel.qml
  exclusivo: []
  compartilhado: ['WS-2026-09-RC01-READINESS-FOCUS']
src/steamzero/ui/qml/Emulation.qml
  exclusivo: []
  compartilhado: ['WS-2026-09-RC01-READINESS-FOCUS', 'WS-2026-09-RC01-READINESS-SEMANTICS']
src/steamzero/ui/qml/SteamGameplay.qml
  exclusivo: []
  compartilhado: ['WS-2026-09-RC01-READINESS-SEMANTICS']
src/steamzero/schemas/emulation-workspace-v1.schema.json
  exclusivo: []
  compartilhado: ['WS-2026-09-RC01-READINESS-SEMANTICS']
