=== PR 239 head=069501ab954c job=108490786231
[36;1mpython tools/run_tests_isolated.py \[0m
== 5965 passed, 47 skipped, 329 deselected, 19 warnings in 533.40s (0:08:53) ===
All checks passed!
HEAD is now at 3520969 Merge 069501ab954c42118b5aaf91c450b58800e90219 into 3495c49d5d7c3244267e8292beee34475f70236b
=== PR 240 head=c959be139f95 job=108551739852
[36;1mpython tools/run_tests_isolated.py \[0m
== 6062 passed, 47 skipped, 336 deselected, 25 warnings in 608.51s (0:10:08) ===
All checks passed!
HEAD is now at d8877be Merge c959be139f95c673dc258b9d8b8011313d5c97f6 into 3495c49d5d7c3244267e8292beee34475f70236b
=== PR 241 head=190ea683a941 job=108707621477
[36;1mpython tools/run_tests_isolated.py \[0m
== 6071 passed, 47 skipped, 342 deselected, 19 warnings in 538.02s (0:08:58) ===
All checks passed!
HEAD is now at 94dda11 Merge 190ea683a941f8dc37036ef6402ffabaf7843799 into 3495c49d5d7c3244267e8292beee34475f70236b
=== PR 242 head=5d95034b67fb job=108772341268
[36;1mpython tools/run_tests_isolated.py \[0m
== 6078 passed, 47 skipped, 355 deselected, 19 warnings in 534.36s (0:08:54) ===
All checks passed!
HEAD is now at 5704c81 Merge 5d95034b67fb50fd1218f267afbfe189d4444bd2 into 3495c49d5d7c3244267e8292beee34475f70236b
=== PR 243 head=c0de54c9f10c job=109195267951
[36;1mpython tools/run_tests_isolated.py \[0m
== 6129 passed, 47 skipped, 356 deselected, 25 warnings in 556.19s (0:09:16) ===
All checks passed!
HEAD is now at f610e77 Merge c0de54c9f10c480693ce495a0533acb524fe53ad into 3495c49d5d7c3244267e8292beee34475f70236b
=== PR 244 head=af6a5c6ed852 job=109386430786
[36;1mpython tools/run_tests_isolated.py \[0m
== 6138 passed, 47 skipped, 360 deselected, 19 warnings in 551.04s (0:09:11) ===
All checks passed!
HEAD is now at 1ce5763 Merge af6a5c6ed8523c04030d25b1d391e885a3b3b48e into 3495c49d5d7c3244267e8292beee34475f70236b
=== PR 245 head=2d6a895760ef job=109497954288
[36;1mpython tools/run_tests_isolated.py \[0m
== 6145 passed, 47 skipped, 362 deselected, 25 warnings in 557.72s (0:09:17) ===
All checks passed!
HEAD is now at daa3926 Merge 2d6a895760ef55bf3cbdf742808e6798946da9d5 into af6a5c6ed8523c04030d25b1d391e885a3b3b48e
=== PR 246 head=c4975979b93a job=109645378000
[36;1mpython tools/run_tests_isolated.py \[0m
== 6145 passed, 47 skipped, 375 deselected, 19 warnings in 497.44s (0:08:17) ===
All checks passed!
HEAD is now at 854b2e6 Merge c4975979b93a03e661294b6854146e76f22fa8c3 into 2d6a895760ef55bf3cbdf742808e6798946da9d5
=== PR 247 head=37040af3bed7 job=109727595334
[36;1mpython tools/run_tests_isolated.py \[0m
== 6152 passed, 47 skipped, 377 deselected, 25 warnings in 545.28s (0:09:05) ===
All checks passed!
HEAD is now at bd73140 Merge 37040af3bed758bc0429fc72501b05358fd1a2c2 into c4975979b93a03e661294b6854146e76f22fa8c3
