arquivos alterados pela fileira: 524 | nao-docs/negaos-testes: 25

cartoes cujo escopo foi tocado pela fileira: 44
id                                         impl        integr         verif    oper      distrib         arq
SZ-AURA-ESDE-ACTIVE-SURFACE                partial     feature-branch dev      unknown   not-packaged      3
SZ-AURA-ESDE-RUNTIME-BRIDGE                partial     feature-branch unit     degraded  installed         2
SZ-EMULATION-ENHANCEMENTS                  complete    feature-branch unit     unknown   not-packaged      1
SZ-EMULATION-HIGH-END-RUNTIME-READINESS    partial     feature-branch unit     degraded  not-packaged      1
SZ-EMULATION-LONG-OPERATIONS               partial     feature-branch hw       ready     installed         1
SZ-EMULATION-PLATFORM-CONTEXT              partial     feature-branch unit     degraded  not-packaged      1
SZ-EMULATION-PLATFORM-SCOPE                partial     feature-branch unit     degraded  not-packaged      1
SZ-EMULATION-RUNTIME-REMEDIATION           partial     feature-branch unit     unknown   not-packaged      1
SZ-EMULATION-STORAGE-MANAGEMENT            partial     feature-branch unit     degraded  not-packaged      1
SZ-EMULATION-STORAGE-PLATFORM-SCOPE        partial     feature-branch unit     degraded  not-packaged      1
SZ-EMULATION-STORAGE-READMODEL             partial     feature-branch unit     degraded  not-packaged      2
SZ-MULTIDISC-MATERIALIZATION-INGESTION     partial     feature-branch unit     unknown   not-packaged      1
SZ-PLATFORM-CORE-PER-SYSTEM                partial     feature-branch unit     unknown   not-packaged      3
SZ-PLATFORM-PS4-PHYSICAL-INSTALL           partial     feature-branch dev      degraded  not-packaged      1
SZ-PLATFORM-PS5-CATALOG                    partial     feature-branch unit     unknown   not-packaged      1
SZ-PLATFORM-REQUIREMENT-SCOPE              complete    feature-branch unit     unknown   not-packaged      3
SZ-PROJECT-DESIGN-AUDIT                    complete    feature-branch dev      ready     not-packaged     12
SZ-PS3-OFFICIAL-FIRMWARE-DOWNLOAD          complete    feature-branch unit     unknown   not-packaged      6
SZ-ROADMAP-CONTINUATION                    complete    feature-branch dev      ready     not-packaged      4
SZ-THEME-IMPORT-SURFACE                    partial     feature-branch unit     degraded  not-packaged      2
SZ-UI-DESKTOP-AUDIT                        partial     feature-branch dev      degraded  not-packaged    419
SZ-AGG-ADAPTERS                            partial     integrated     none     unknown   installed         4
SZ-AGG-DOMAIN                              partial     integrated     none     unknown   installed         5
SZ-AGG-SCHEMAS                             partial     integrated     none     unknown   installed         1
SZ-AGG-TESTS                               partial     integrated     none     unknown   installed        46
SZ-AGG-TOOLS                               partial     integrated     none     unknown   installed         3
SZ-AURA-CINEMA-COMPLETION                  partial     integrated     hw       degraded  installed         3
SZ-AURA-SESSION-OSD                        partial     integrated     hw       degraded  installed         2
SZ-AURA-UI                                 complete    integrated     unit     degraded  installed         1
SZ-GAMEMODE-READINESS                      complete    integrated     hw       degraded  installed         3
SZ-GOVERNANCE-STATUS                       complete    integrated     dev      degraded  installed         3
SZ-LIBRARY-CANONICAL                       partial     integrated     hw       degraded  installed         5
SZ-MAIN-WORKTREE-RECONCILIATION            partial     integrated     dev      degraded  installed         3
SZ-MEDIA-AUDIT-PLATFORM-SCOPE              complete    integrated     hw       degraded  installed         1
SZ-MEDIA-PIPELINE-PLATFORM-SCOPE           complete    integrated     hw       degraded  installed         1
SZ-MEDIA-PROVIDER-PLATFORM-FILTER          complete    integrated     unit     degraded  not-packaged      1
SZ-SYSTEM-DIAGNOSTICS-GUIDANCE             complete    integrated     dev      degraded  not-packaged      1
SZ-THEME-ENGINE                            partial     integrated     hw       degraded  installed         8
SZ-THEME-ESDE-SCENE-RENDER                 partial     integrated     hw       degraded  installed         2
SZ-THEME-IMPORT-ESDE-LAYOUT                partial     integrated     hw       degraded  not-packaged      3
SZ-THEME-IMPORT-RETROFE                    complete    integrated     hw       ready     installed         2
SZ-THEME-STUDIO                            partial     integrated     hw       degraded  installed         1
SZ-AURA-LAUNCHER                           partial     isolated       hw       degraded  installed         3
SZ-AURA-SAVE-STATE-GALLERY                 partial     released       hw       degraded  installed         1
